MASUK KE CREATE()
